// 同步 ID: 5bbb2aec @ Wed Jul  8 08:30:22 UTC 2026
// 同步 ID: bf716f46 @ Wed Jul  8 16:19:18 UTC 2026
// 重构日志: 484e2be4
// 重构日志: e8cced47
// 重构日志: 3895f0c5
// 重构日志: 8e3a5e01
// 同步 ID: e474a95d @ Thu Jul 16 18:28:50 UTC 2026
// 同步 ID: 4dc52ca6 @ Fri Jul 17 07:20:04 UTC 2026
// 重构日志: 9ecfe367
// 重构日志: c019a195
// 重构日志: 02187d6a
// 重构日志: a5aa37be
// 重构日志: 92c40249
// 重构日志: 6bd2d9cc
// 重构日志: 0d6a90fa
// 同步 ID: 8ef30580 @ Tue Jul 21 08:22:31 UTC 2026
// 同步 ID: c1ffb3fc @ Wed Jul 22 08:01:24 UTC 2026
// 重构日志: 0eb2fd56
// 重构日志: ffca9fc7
// 同步 ID: 60eb239c @ Sun Jul 26 17:30:07 UTC 2026
// 重构日志: c4a1fa52
// 重构日志: b2407485
// 同步 ID: db978bf9 @ Fri Jul 31 09:03:28 UTC 2026
// 重构日志: cb837286
// 同步 ID: 6b925b52 @ Sat Aug  1 17:39:16 UTC 2026
// 同步 ID: ad962c20 @ Mon Aug  3 01:36:27 UTC 2026
// 重构日志: 977f831d
// 重构日志: 829c49e6
